Dirt Pink X -5 Y 8 random
Dirt Pink X -1 Y 8 random
Dirt Pink X 1 Y 8 random
Dirt Pink X 4 Y 8 random
Dirt Pink X 5 Y 8 random
Dirt Pink X 6 Y 8 random
Dirt Pink X -6 Y 7 random
Dirt Pink X -4 Y 7 random
Dirt Pink X -2 Y 7 random
Dirt Pink X 2 Y 7 random
Dirt Pink X 4 Y 7 random
Dirt Pink X 6 Y 7 random
Dirt Pink X -5 Y 6 random
Dirt Pink X 4 Y 6 random
Dirt Pink X 5 Y 6 random
Dirt Pink X 6 Y 6 random
Dirt Pink X -3 Y 5 random
Dirt Pink X 0 Y 5 random
Dirt Pink X 1 Y 5 random
Dirt Pink X -4 Y 4 random
Dirt Pink X -3 Y 4 random
Dirt Pink X -2 Y 4 random
Dirt Pink X 1 Y 4 random
Dirt Pink X 3 Y 4 random
Dirt Pink X 4 Y 4 random
Dirt Pink X 5 Y 4 random
Dirt Pink X -5 Y 3 random
Dirt Pink X 0 Y 3 random
Dirt Pink X 6 Y 3 random
Dirt Pink X -5 Y 2 random
Dirt Pink X -3 Y 2 random
Dirt Pink X -2 Y 2 random
Dirt Pink X 0 Y 2 random
Dirt Pink X 1 Y 2 random
Dirt Pink X 3 Y 2 random
Dirt Pink X 4 Y 2 random
Dirt Pink X 6 Y 2 random
Dirt Pink X 7 Y 2 random
Dirt Pink X -5 Y 1 random
Dirt Pink X -3 Y 1 random
Dirt Pink X 4 Y 1 random
Dirt Pink X 6 Y 1 random
Dirt Pink X -1 Y 0 random
Dirt Pink X 0 Y 0 random
Dirt Pink X 2 Y 0 random
Dirt Pink X -6 Y -1 random
Dirt Pink X -4 Y -1 random
Dirt Pink X -3 Y -1 random
Dirt Pink X -1 Y -1 random
Dirt Pink X 0 Y -1 random
Dirt Pink X 2 Y -1 random
Dirt Pink X 4 Y -1 random
Dirt Pink X 5 Y -1 random
Dirt Pink X 7 Y -1 random
Dirt Pink X -6 Y -2 random
Dirt Pink X -5 Y -2 random
Dirt Pink X -3 Y -2 random
Dirt Pink X 4 Y -2 random
Dirt Pink X 6 Y -2 random
Dirt Pink X 7 Y -2 random
Dirt Pink X -1 Y -3 random
Dirt Pink X 0 Y -3 random
Dirt Pink X 2 Y -3 random
Dirt Pink X -5 Y -4 random
Dirt Pink X -3 Y -4 random
Dirt Pink X 4 Y -4 random
Dirt Pink X 6 Y -4 random
Dirt Pink X -6 Y -5 random
Dirt Pink X -5 Y -5 random
Dirt Pink X -3 Y -5 random
Dirt Pink X -2 Y -5 random
Dirt Pink X 0 Y -5 random
Dirt Pink X 1 Y -5 random
Dirt Pink X 3 Y -5 random
Dirt Pink X 4 Y -5 random
Dirt Pink X 6 Y -5 random
Dirt Pink X -5 Y -6 random
Dirt Pink X 0 Y -6 random
Dirt Pink X 6 Y -6 random
Dirt Pink X -4 Y -7 random
Dirt Pink X -3 Y -7 random
Dirt Pink X -2 Y -7 random
Dirt Pink X 1 Y -7 random
Dirt Pink X 3 Y -7 random
Dirt Pink X 4 Y -7 random
Dirt Pink X 5 Y -7 random
Dirt Pink X 0 Y -8 random
Dirt Pink X 1 Y -8 random
Dirt Pink X 4 Y -8 random